// Jest Snapshot v1, https://goo.gl/fbAQLP

exports[`ApiKeysCreationPopup renders correctly 1`] = `
<div class="new-api-key">
  <h2 class="new-api-key__title">Name Your API Key</h2>
  <div class="input-wrap full-input">
    <div class="label-container">
      <!---->
      <!---->
      <!---->
    </div> <input placeholder="Enter API Key Name" type="text" class="headerless-input" style="width: 100%; height: 48px;">
    <!---->
    <!---->
  </div>
  <div class="next-button container" style="width: 128px; height: 48px;"><span class="label">Next &gt;</span></div>
  <div class="new-api-key__close-cross-container"><svg width="16" height="16" viewBox="0 0 16 16" fill="none" xmlns="http://www.w3.org/2000/svg">
      <path d="M15.7071 1.70711C16.0976 1.31658 16.0976 0.683417 15.7071 0.292893C15.3166 -0.0976311 14.6834 -0.0976311 14.2929 0.292893L15.7071 1.70711ZM0.292893 14.2929C-0.0976311 14.6834 -0.0976311 15.3166 0.292893 15.7071C0.683417 16.0976 1.31658 16.0976 1.70711 15.7071L0.292893 14.2929ZM1.70711 0.292893C1.31658 -0.0976311 0.683417 -0.0976311 0.292893 0.292893C-0.0976311 0.683417 -0.0976311 1.31658 0.292893 1.70711L1.70711 0.292893ZM14.2929 15.7071C14.6834 16.0976 15.3166 16.0976 15.7071 15.7071C16.0976 15.3166 16.0976 14.6834 15.7071 14.2929L14.2929 15.7071ZM14.2929 0.292893L0.292893 14.2929L1.70711 15.7071L15.7071 1.70711L14.2929 0.292893ZM0.292893 1.70711L14.2929 15.7071L15.7071 14.2929L1.70711 0.292893L0.292893 1.70711Z" fill="#384B65" class="close-cross-svg-path"></path>
    </svg></div>
  <div class="blur-content"></div>
</div>
`;
