// Jest Snapshot v1, https://goo.gl/fbAQLP

exports[`AddCardForm renders correctly 1`] = `
<div class="add-card-area">
  <p class="add-card-area__label">Add Credit or Debit Card</p>
  <form id="payment-form" class="add-card-area__stripe">
    <div class="form-row">
      <div id="card-element"></div>
      <div id="card-errors" role="alert"></div>
    </div>
  </form>
  <div class="add-card-area__submit-area"></div>
</div>
`;
