// Jest Snapshot v1, https://goo.gl/fbAQLP

exports[`AddStorjForm renders correctly 1`] = `
<div class="add-storj-area">
  <div class="add-storj-area__selection-container">
    <p class="add-storj-area__selection-container__label">Deposit STORJ Tokens via Coin Payments</p>
    <div class="form-container add-storj-area__selection-container__form">
      <div class="selected-container">
        <div id="paymentSelectButton" class="selected-container__label-container">
          <p class="selected-container__label-container__label">USD $50</p>
          <div class="selected-container__label-container__svg"><svg width="14" height="8" viewBox="0 0 14 8" fill="none" xmlns="http://www.w3.org/2000/svg">
              <path fill-rule="evenodd" clip-rule="evenodd" d="M0.372773 0.338888C0.869804 -0.112963 1.67565 -0.112963 2.17268 0.338888L7 4.72741L11.8273 0.338888C12.3243 -0.112963 13.1302 -0.112963 13.6272 0.338888C14.1243 0.790739 14.1243 1.52333 13.6272 1.97519L7 8L0.372773 1.97519C-0.124258 1.52333 -0.124258 0.790739 0.372773 0.338888Z" fill="#2683FF"></path>
            </svg></div>
        </div>
      </div>
      <!---->
      <!---->
      <!---->
    </div>
  </div>
  <div class="add-storj-area__submit-area">
    <!---->
    <div class="confirm-add-storj-button container" style="width: 251px; height: 48px;"><span class="label">Continue to Coin Payments</span></div>
  </div>
</div>
`;

exports[`AddStorjForm renders correctly after continue To Coin Payments click 1`] = `
<div class="add-storj-area">
  <div class="add-storj-area__selection-container">
    <p class="add-storj-area__selection-container__label">Deposit STORJ Tokens via Coin Payments</p>
    <tokendepositselection-stub class="add-storj-area__selection-container__form"></tokendepositselection-stub>
  </div>
  <div class="add-storj-area__submit-area"><img src="@/../static/images/account/billing/loading.gif" alt="loading gif" class="loading-image">
    <vbutton-stub label="Continue to Coin Payments" width="251px" height="48px" isdisabled="true" onpress="function () { [native code] }" class="confirm-add-storj-button"></vbutton-stub>
  </div>
</div>
`;
