// Jest Snapshot v1, https://goo.gl/fbAQLP

exports[`PaymentMethods renders correctly after add STORJ and cancel click 1`] = `
<div class="payment-methods-area">
  <div class="payment-methods-area__functional-area extended">
    <div class="payment-methods-area__functional-area__top-container">
      <h1 class="payment-methods-area__functional-area__title">Payment Method</h1>
      <div class="payment-methods-area__functional-area__button-area">
        <div class="payment-methods-area__functional-area__button-area__cancel">
          <p class="payment-methods-area__functional-area__button-area__cancel__text">Cancel</p>
        </div>
      </div>
    </div>
    <div class="payments-bonus-container payment-methods-area__functional-area__bonus"><svg width="54" height="60" viewBox="0 0 54 60" fill="none" xmlns="http://www.w3.org/2000/svg" class="banner-logo-svg">
        <path d="M54 17.4399C53.9172 19.3141 53.0892 20.6993 51.5161 21.6771C51.1849 21.8401 51.1021 22.003 51.1021 22.329C51.1021 27.4625 51.1021 32.596 51.1021 37.7295C51.1021 38.0555 51.1849 38.2184 51.4333 38.3814C53.2548 39.4407 54.2484 41.3963 53.9172 43.4334C53.586 45.389 52.0129 47.0187 49.9429 47.3447C48.7837 47.5891 47.6246 47.4262 46.5482 46.7743C46.217 46.6113 45.9686 46.6113 45.7202 46.7743C41.2491 49.3003 36.7781 51.9078 32.307 54.4338C31.9758 54.5968 31.893 54.7597 31.893 55.1672C31.893 57.6117 29.9887 59.8118 27.5875 59.9747C25.0208 60.2192 22.7025 58.671 22.2057 56.145C22.1229 55.7376 22.1229 55.4116 22.1229 55.0042C22.1229 54.7597 22.0401 54.5968 21.7917 54.4338C17.2378 51.8263 12.6839 49.3003 8.13005 46.6928C7.88166 46.5298 7.71606 46.5298 7.46767 46.6928C4.48695 48.4854 0.678253 46.7743 0.0986687 43.5149C-0.31532 41.4778 0.595455 39.5222 2.41701 38.3814C2.7482 38.2184 2.83099 38.0555 2.83099 37.648C2.83099 32.5145 2.83099 27.381 2.83099 22.2475C2.83099 21.9216 2.7482 21.7586 2.4998 21.5956C0.595455 20.5363 -0.31532 18.6622 0.0986687 16.5436C0.42986 14.425 2.08581 12.8768 4.23856 12.6323C5.39772 12.4694 6.4741 12.7138 7.46767 13.2842C7.71606 13.4472 7.88166 13.4472 8.13005 13.2842C12.6839 10.6767 17.155 8.15071 21.7089 5.54321C21.9573 5.38024 22.1229 5.21727 22.1229 4.89133C22.1229 2.03938 24.3584 -0.0792115 27.2563 0.00227286C29.4919 0.0837572 31.5618 1.87641 31.893 4.07649C31.893 4.23946 31.9758 4.40243 31.9758 4.64688C31.9758 5.21727 32.2242 5.54321 32.6382 5.78766C37.0265 8.23219 41.4147 10.7582 45.803 13.2842C46.1342 13.4472 46.2998 13.4472 46.631 13.2842C49.6117 11.573 53.2548 13.2027 53.9172 16.5436C54 16.8695 54 17.1955 54 17.4399ZM15.1679 35.0405C15.0851 35.0405 15.0851 35.122 15.0851 35.122C12.6011 36.5073 10.1172 37.8925 7.63326 39.3592C7.46767 39.4407 7.21927 39.4407 7.05368 39.3592C6.3913 38.9518 5.72892 38.7073 4.90094 38.7073C2.33421 38.6258 0.843848 40.663 0.761051 42.4556C0.761051 44.4927 2.33421 46.6113 4.90094 46.6113C7.13648 46.6113 8.87523 44.8187 8.87523 42.6186C8.87523 42.2112 8.95803 41.9667 9.37202 41.8037C12.0215 40.337 14.5883 38.8703 17.2378 37.3221C17.4862 37.1591 17.7346 37.1591 17.983 37.2406C19.6389 37.974 21.2949 38.1369 23.0336 37.648C23.1992 37.5665 23.4476 37.648 23.6132 37.7295C24.11 37.974 24.6068 38.2184 25.1036 38.3814C25.4348 38.4629 25.5176 38.6258 25.5176 38.9518C25.5176 43.026 25.5176 47.0187 25.5176 51.0929C25.5176 51.3374 25.4348 51.5004 25.1864 51.6633C23.7788 52.3152 22.7852 54.0264 23.0336 55.819C23.3648 57.9376 25.5176 59.4858 27.6703 59.0784C29.5747 58.7525 30.7338 57.4487 31.065 55.5746C31.2306 54.2708 30.5682 52.5597 28.9123 51.6633C28.6639 51.5819 28.5811 51.4189 28.5811 51.1744C28.5811 47.2632 28.5811 43.3519 28.5811 39.4407C28.5811 39.1147 28.7467 39.0333 29.0779 38.9518C29.9059 38.7888 30.7338 38.6258 31.479 38.4629C31.8102 38.3814 32.1414 38.3814 32.4726 38.4629C34.2113 39.1962 35.9501 39.1147 37.606 38.1369C37.8544 37.974 38.02 37.974 38.2684 38.1369C40.4212 39.3592 42.5739 40.5815 44.7267 41.8037C45.0578 41.9667 45.2234 42.2112 45.2234 42.6186C44.975 44.9001 47.1278 46.7743 49.5289 46.5298C51.9301 46.2854 53.586 44.0038 53.0064 41.7222C52.344 38.9518 49.3633 37.7295 46.8794 39.1962C46.631 39.3592 46.4654 39.3592 46.1342 39.1962C44.0643 37.974 41.9943 36.8332 39.9244 35.6924C39.5932 35.5294 39.5932 35.3665 39.676 35.0405C40.3384 33.0034 39.8416 31.1293 38.3512 29.5811C38.02 29.2551 36.6953 27.1366 36.4469 26.7291C36.2813 26.4032 36.3641 26.2402 36.6953 26.0773C39.8416 24.2846 42.9879 22.5734 46.0514 20.7808C46.2998 20.6178 46.4654 20.6178 46.7138 20.7808C47.6246 21.3512 48.6181 21.5141 49.6117 21.3512C51.5989 21.0252 53.0892 19.2326 52.9236 17.114C52.758 14.8324 50.4397 13.1212 48.1214 13.6102C46.1342 14.0176 44.8094 15.5658 44.8922 17.6029C44.8922 17.9288 44.8094 18.1733 44.4783 18.3362C41.3319 20.1289 38.1028 21.9216 34.9565 23.7142C34.7081 23.8772 34.5425 23.8772 34.2941 23.6327C32.8038 22.2475 30.9822 21.4326 28.9951 21.1882C28.3327 21.1067 28.3327 21.1067 28.3327 20.3734C28.3327 16.7066 28.3327 13.0398 28.3327 9.37297C28.3327 8.88406 28.4155 8.55813 28.9123 8.31367C30.651 7.33586 31.3134 5.21727 30.5682 3.34313C29.7403 1.55048 27.6703 0.491179 25.766 1.14305C24.0272 1.63196 23.0336 2.93571 22.868 4.64688C22.7025 6.03211 23.3648 7.58031 25.0208 8.39516C25.2692 8.55813 25.4348 8.63961 25.4348 8.96555C25.4348 13.0398 25.4348 17.0325 25.4348 21.1067C25.4348 21.4326 25.2692 21.5141 25.0208 21.6771C24.1928 22.0845 23.3648 22.4105 22.7025 22.9809C21.9573 23.6327 21.2121 23.9587 20.1357 23.9587C20.0529 23.9587 19.9701 23.9587 19.8873 23.9587C19.6389 23.9587 19.3077 23.9587 19.0594 23.7957C15.8302 22.003 12.6839 20.2104 9.45481 18.4177C8.95803 18.1733 8.79243 17.8473 8.87523 17.3584C8.87523 17.114 8.87523 16.951 8.79243 16.7066C8.46124 14.7509 6.55689 13.1212 4.23856 13.5287C1.92022 13.9361 0.512657 15.9732 0.843848 18.0918C1.34063 20.8623 4.56975 22.2475 6.97088 20.7808C7.21927 20.6178 7.46767 20.6178 7.71606 20.7808C10.1172 22.166 12.5183 23.5512 15.0023 24.9365C15.4163 25.1809 15.8302 25.4254 16.2442 25.6698C13.5119 28.5218 13.1807 31.6182 15.1679 35.0405Z" fill="#2683FF"></path>
        <path d="M22.4933 25.5491C23.1511 25.6323 23.3978 25.3828 23.8912 24.9671C25.8648 23.0547 28.2495 22.5558 30.7987 23.3873C33.3479 24.2188 34.9103 26.048 35.4037 28.7088C35.4859 29.2077 35.7326 29.5403 36.1438 29.7898C37.4595 30.5381 38.1996 32.2011 37.9529 33.5315C37.624 35.2776 36.4727 36.5249 34.8281 36.7743C33.9235 36.9406 33.1012 36.7743 32.3611 36.3586C32.0322 36.1091 31.7855 36.1923 31.3743 36.3586C29.0718 37.3564 26.9338 37.1901 24.7958 35.8597C24.4668 35.6934 24.2201 35.6102 23.8912 35.7765C20.9308 36.7743 17.8882 35.0282 17.1482 32.1179C16.3258 28.7088 19.0395 25.3828 22.4933 25.5491Z" fill="#2683FF"></path>
        <path d="M48 43C48 42.4286 48.4286 42 49 42C49.5714 42 50 42.4286 50 43C50 43.5 49.5 44 49 44C48.4286 44 48 43.5714 48 43Z" fill="#2683FF"></path>
        <path d="M26 5C26 4.42857 26.4444 4 27.037 4C27.5556 4 28 4.42857 28 5C28 5.5 27.5556 6 26.963 6C26.4444 5.92857 26 5.5 26 5Z" fill="#2683FF"></path>
        <path d="M6 43C6 43.5714 5.57143 44 5 44C4.5 44 4 43.5 4 43C4 42.5 4.5 42 5 42C5.57143 42 6 42.4286 6 43Z" fill="#2683FF"></path>
        <path d="M27 54C27.5714 54 28 54.6667 28 55.5556C28 56.4444 27.5714 57 27 57C26.4286 57 26 56.3333 26 55.4444C26 54.6667 26.4286 54 27 54Z" fill="#2683FF"></path>
        <path d="M5 19C4.42857 19 4 18.3333 4 17.5556C4 16.7778 4.42857 16 5 16C5.57143 16 6 16.5556 6 17.4444C5.92857 18.3333 5.57143 19 5 19Z" fill="#2683FF"></path>
        <path d="M48.9327 19C48.3635 19 47.9366 18.3333 48.0078 17.4444C48.0078 16.5556 48.4347 16 49.0039 16C49.5731 16 50 16.6667 50 17.5556C49.9288 18.3333 49.4308 19 48.9327 19Z" fill="#2683FF"></path>
      </svg>
      <div class="payments-bonus-container__text-container">
        <p class="payments-bonus-container__text-container__main-text">
          Get free credits for paying in STORJ Token
        </p>
        <p class="payments-bonus-container__text-container__additional-text">
          Deposit STORJ Token to your account and receive a 10% bonus, or $10 for every $100.
        </p>
      </div>
    </div>
    <div class="add-storj-area">
      <div class="add-storj-area__selection-container">
        <p class="add-storj-area__selection-container__label">Deposit STORJ Tokens via Coin Payments</p>
        <div class="form-container add-storj-area__selection-container__form">
          <div class="selected-container">
            <div id="paymentSelectButton" class="selected-container__label-container">
              <p class="selected-container__label-container__label">USD $50</p>
              <div class="selected-container__label-container__svg"><svg width="14" height="8" viewBox="0 0 14 8" fill="none" xmlns="http://www.w3.org/2000/svg">
                  <path fill-rule="evenodd" clip-rule="evenodd" d="M0.372773 0.338888C0.869804 -0.112963 1.67565 -0.112963 2.17268 0.338888L7 4.72741L11.8273 0.338888C12.3243 -0.112963 13.1302 -0.112963 13.6272 0.338888C14.1243 0.790739 14.1243 1.52333 13.6272 1.97519L7 8L0.372773 1.97519C-0.124258 1.52333 -0.124258 0.790739 0.372773 0.338888Z" fill="#2683FF"></path>
                </svg></div>
            </div>
          </div>
          <!---->
          <!---->
          <!---->
        </div>
      </div>
      <div class="add-storj-area__submit-area">
        <!---->
        <div class="confirm-add-storj-button container" style="width: 251px; height: 48px;"><span class="label">Continue to Coin Payments</span></div>
      </div>
    </div>
    <!---->
    <!---->
  </div>
  <!---->
  <!---->
  <!---->
</div>
`;

exports[`PaymentMethods renders correctly after add STORJ and cancel click 2`] = `
<div class="payment-methods-area">
  <div class="payment-methods-area__functional-area">
    <div class="payment-methods-area__functional-area__top-container">
      <h1 class="payment-methods-area__functional-area__title">Payment Method</h1>
      <div class="payment-methods-area__functional-area__button-area">
        <div class="payment-methods-area__functional-area__button-area__default-buttons">
          <div class="add-storj-button container blue-white" style="width: 123px; height: 48px;"><span class="label">Add STORJ</span></div>
        </div>
      </div>
    </div>
    <div class="payments-bonus-container payment-methods-area__functional-area__bonus"><svg width="64" height="50" viewBox="0 0 61 47" fill="none" xmlns="http://www.w3.org/2000/svg" class="banner-gift-svg">
        <path fill-rule="evenodd" clip-rule="evenodd" d="M36.8378 12.7027C36.8378 19.0167 41.9563 24.1351 48.2703 24.1351V41.9189C48.2703 44.0236 46.5641 45.7297 44.4594 45.7297H5.08107C2.97642 45.7297 1.27026 44.0236 1.27026 41.9189V16.5135C1.27026 14.4089 2.97642 12.7027 5.08107 12.7027H36.8378Z" stroke="#2683FF" stroke-width="2"></path>
        <path fill-rule="evenodd" clip-rule="evenodd" d="M48.2703 24.1352V27.946H1.27026V20.3243L39.7496 20.3251C41.8429 22.6636 44.8847 24.1352 48.2703 24.1352Z" fill="#2683FF"></path>
        <path d="M48.2703 24.1351C54.5842 24.1351 59.7027 19.0167 59.7027 12.7027C59.7027 6.38875 54.5842 1.27028 48.2703 1.27028C41.9563 1.27028 36.8378 6.38875 36.8378 12.7027C36.8378 19.0167 41.9563 24.1351 48.2703 24.1351Z" stroke="#2683FF" stroke-width="2"></path>
        <path d="M48.2703 5.71622V19.5737M41.3415 12.645H55.199H41.3415Z" stroke="#2683FF" stroke-width="2" stroke-linecap="round" stroke-linejoin="round"></path>
      </svg>
      <div class="payments-bonus-container__text-container">
        <p class="payments-bonus-container__text-container__main-text">
          Add a Payment Method to Get Started
        </p>
        <p class="payments-bonus-container__text-container__additional-text">
          Your first 5GB are free. You will not be charged until you use more than 5GB.
        </p>
      </div>
    </div>
    <!---->
    <!---->
    <div class="add-card-button">
      <!---->
      <!----> <span>Add Card</span></div>
  </div>
  <!---->
  <!---->
  <!---->
</div>
`;

exports[`PaymentMethods renders correctly after add card and cancel click 1`] = `
<div class="payment-methods-area">
  <div class="payment-methods-area__functional-area reduced">
    <div class="payment-methods-area__functional-area__top-container">
      <h1 class="payment-methods-area__functional-area__title">Payment Method</h1>
      <div class="payment-methods-area__functional-area__button-area">
        <div class="payment-methods-area__functional-area__button-area__cancel">
          <p class="payment-methods-area__functional-area__button-area__cancel__text">Cancel</p>
        </div>
      </div>
    </div>
    <!---->
    <!---->
    <addcardform-stub></addcardform-stub>
    <div class="add-card-button button-moved">
      <!---->
      <!----> <span>Add Card</span></div>
  </div>
  <div class="payment-methods-area__security-info-container">
    <lockimage-stub></lockimage-stub> <span class="payment-methods-area__security-info-container__info">
            Your card is secured by Stripe through TLS and AES-256 encryption. Your information is secure.
        </span>
  </div>
  <!---->
  <!---->
</div>
`;

exports[`PaymentMethods renders correctly after add card and cancel click 2`] = `
<div class="payment-methods-area">
  <div class="payment-methods-area__functional-area">
    <div class="payment-methods-area__functional-area__top-container">
      <h1 class="payment-methods-area__functional-area__title">Payment Method</h1>
      <div class="payment-methods-area__functional-area__button-area">
        <div class="payment-methods-area__functional-area__button-area__default-buttons">
          <vbutton-stub label="Add STORJ" width="123px" height="48px" isbluewhite="true" onpress="function () { [native code] }" class="add-storj-button"></vbutton-stub>
        </div>
      </div>
    </div>
    <paymentsbonus-stub class="payment-methods-area__functional-area__bonus"></paymentsbonus-stub>
    <!---->
    <!---->
    <div class="add-card-button">
      <!---->
      <!----> <span>Add Card</span></div>
  </div>
  <!---->
  <!---->
  <!---->
</div>
`;

exports[`PaymentMethods renders correctly with card 1`] = `
<div class="payment-methods-area">
  <div class="payment-methods-area__functional-area">
    <div class="payment-methods-area__functional-area__top-container">
      <h1 class="payment-methods-area__functional-area__title">Payment Method</h1>
      <div class="payment-methods-area__functional-area__button-area">
        <div class="payment-methods-area__functional-area__button-area__default-buttons">
          <div class="add-storj-button container blue-white" style="width: 123px; height: 48px;"><span class="label">Add STORJ</span></div>
        </div>
      </div>
    </div>
    <div class="payments-bonus-container payment-methods-area__functional-area__bonus"><svg width="54" height="60" viewBox="0 0 54 60" fill="none" xmlns="http://www.w3.org/2000/svg" class="banner-logo-svg">
        <path d="M54 17.4399C53.9172 19.3141 53.0892 20.6993 51.5161 21.6771C51.1849 21.8401 51.1021 22.003 51.1021 22.329C51.1021 27.4625 51.1021 32.596 51.1021 37.7295C51.1021 38.0555 51.1849 38.2184 51.4333 38.3814C53.2548 39.4407 54.2484 41.3963 53.9172 43.4334C53.586 45.389 52.0129 47.0187 49.9429 47.3447C48.7837 47.5891 47.6246 47.4262 46.5482 46.7743C46.217 46.6113 45.9686 46.6113 45.7202 46.7743C41.2491 49.3003 36.7781 51.9078 32.307 54.4338C31.9758 54.5968 31.893 54.7597 31.893 55.1672C31.893 57.6117 29.9887 59.8118 27.5875 59.9747C25.0208 60.2192 22.7025 58.671 22.2057 56.145C22.1229 55.7376 22.1229 55.4116 22.1229 55.0042C22.1229 54.7597 22.0401 54.5968 21.7917 54.4338C17.2378 51.8263 12.6839 49.3003 8.13005 46.6928C7.88166 46.5298 7.71606 46.5298 7.46767 46.6928C4.48695 48.4854 0.678253 46.7743 0.0986687 43.5149C-0.31532 41.4778 0.595455 39.5222 2.41701 38.3814C2.7482 38.2184 2.83099 38.0555 2.83099 37.648C2.83099 32.5145 2.83099 27.381 2.83099 22.2475C2.83099 21.9216 2.7482 21.7586 2.4998 21.5956C0.595455 20.5363 -0.31532 18.6622 0.0986687 16.5436C0.42986 14.425 2.08581 12.8768 4.23856 12.6323C5.39772 12.4694 6.4741 12.7138 7.46767 13.2842C7.71606 13.4472 7.88166 13.4472 8.13005 13.2842C12.6839 10.6767 17.155 8.15071 21.7089 5.54321C21.9573 5.38024 22.1229 5.21727 22.1229 4.89133C22.1229 2.03938 24.3584 -0.0792115 27.2563 0.00227286C29.4919 0.0837572 31.5618 1.87641 31.893 4.07649C31.893 4.23946 31.9758 4.40243 31.9758 4.64688C31.9758 5.21727 32.2242 5.54321 32.6382 5.78766C37.0265 8.23219 41.4147 10.7582 45.803 13.2842C46.1342 13.4472 46.2998 13.4472 46.631 13.2842C49.6117 11.573 53.2548 13.2027 53.9172 16.5436C54 16.8695 54 17.1955 54 17.4399ZM15.1679 35.0405C15.0851 35.0405 15.0851 35.122 15.0851 35.122C12.6011 36.5073 10.1172 37.8925 7.63326 39.3592C7.46767 39.4407 7.21927 39.4407 7.05368 39.3592C6.3913 38.9518 5.72892 38.7073 4.90094 38.7073C2.33421 38.6258 0.843848 40.663 0.761051 42.4556C0.761051 44.4927 2.33421 46.6113 4.90094 46.6113C7.13648 46.6113 8.87523 44.8187 8.87523 42.6186C8.87523 42.2112 8.95803 41.9667 9.37202 41.8037C12.0215 40.337 14.5883 38.8703 17.2378 37.3221C17.4862 37.1591 17.7346 37.1591 17.983 37.2406C19.6389 37.974 21.2949 38.1369 23.0336 37.648C23.1992 37.5665 23.4476 37.648 23.6132 37.7295C24.11 37.974 24.6068 38.2184 25.1036 38.3814C25.4348 38.4629 25.5176 38.6258 25.5176 38.9518C25.5176 43.026 25.5176 47.0187 25.5176 51.0929C25.5176 51.3374 25.4348 51.5004 25.1864 51.6633C23.7788 52.3152 22.7852 54.0264 23.0336 55.819C23.3648 57.9376 25.5176 59.4858 27.6703 59.0784C29.5747 58.7525 30.7338 57.4487 31.065 55.5746C31.2306 54.2708 30.5682 52.5597 28.9123 51.6633C28.6639 51.5819 28.5811 51.4189 28.5811 51.1744C28.5811 47.2632 28.5811 43.3519 28.5811 39.4407C28.5811 39.1147 28.7467 39.0333 29.0779 38.9518C29.9059 38.7888 30.7338 38.6258 31.479 38.4629C31.8102 38.3814 32.1414 38.3814 32.4726 38.4629C34.2113 39.1962 35.9501 39.1147 37.606 38.1369C37.8544 37.974 38.02 37.974 38.2684 38.1369C40.4212 39.3592 42.5739 40.5815 44.7267 41.8037C45.0578 41.9667 45.2234 42.2112 45.2234 42.6186C44.975 44.9001 47.1278 46.7743 49.5289 46.5298C51.9301 46.2854 53.586 44.0038 53.0064 41.7222C52.344 38.9518 49.3633 37.7295 46.8794 39.1962C46.631 39.3592 46.4654 39.3592 46.1342 39.1962C44.0643 37.974 41.9943 36.8332 39.9244 35.6924C39.5932 35.5294 39.5932 35.3665 39.676 35.0405C40.3384 33.0034 39.8416 31.1293 38.3512 29.5811C38.02 29.2551 36.6953 27.1366 36.4469 26.7291C36.2813 26.4032 36.3641 26.2402 36.6953 26.0773C39.8416 24.2846 42.9879 22.5734 46.0514 20.7808C46.2998 20.6178 46.4654 20.6178 46.7138 20.7808C47.6246 21.3512 48.6181 21.5141 49.6117 21.3512C51.5989 21.0252 53.0892 19.2326 52.9236 17.114C52.758 14.8324 50.4397 13.1212 48.1214 13.6102C46.1342 14.0176 44.8094 15.5658 44.8922 17.6029C44.8922 17.9288 44.8094 18.1733 44.4783 18.3362C41.3319 20.1289 38.1028 21.9216 34.9565 23.7142C34.7081 23.8772 34.5425 23.8772 34.2941 23.6327C32.8038 22.2475 30.9822 21.4326 28.9951 21.1882C28.3327 21.1067 28.3327 21.1067 28.3327 20.3734C28.3327 16.7066 28.3327 13.0398 28.3327 9.37297C28.3327 8.88406 28.4155 8.55813 28.9123 8.31367C30.651 7.33586 31.3134 5.21727 30.5682 3.34313C29.7403 1.55048 27.6703 0.491179 25.766 1.14305C24.0272 1.63196 23.0336 2.93571 22.868 4.64688C22.7025 6.03211 23.3648 7.58031 25.0208 8.39516C25.2692 8.55813 25.4348 8.63961 25.4348 8.96555C25.4348 13.0398 25.4348 17.0325 25.4348 21.1067C25.4348 21.4326 25.2692 21.5141 25.0208 21.6771C24.1928 22.0845 23.3648 22.4105 22.7025 22.9809C21.9573 23.6327 21.2121 23.9587 20.1357 23.9587C20.0529 23.9587 19.9701 23.9587 19.8873 23.9587C19.6389 23.9587 19.3077 23.9587 19.0594 23.7957C15.8302 22.003 12.6839 20.2104 9.45481 18.4177C8.95803 18.1733 8.79243 17.8473 8.87523 17.3584C8.87523 17.114 8.87523 16.951 8.79243 16.7066C8.46124 14.7509 6.55689 13.1212 4.23856 13.5287C1.92022 13.9361 0.512657 15.9732 0.843848 18.0918C1.34063 20.8623 4.56975 22.2475 6.97088 20.7808C7.21927 20.6178 7.46767 20.6178 7.71606 20.7808C10.1172 22.166 12.5183 23.5512 15.0023 24.9365C15.4163 25.1809 15.8302 25.4254 16.2442 25.6698C13.5119 28.5218 13.1807 31.6182 15.1679 35.0405Z" fill="#2683FF"></path>
        <path d="M22.4933 25.5491C23.1511 25.6323 23.3978 25.3828 23.8912 24.9671C25.8648 23.0547 28.2495 22.5558 30.7987 23.3873C33.3479 24.2188 34.9103 26.048 35.4037 28.7088C35.4859 29.2077 35.7326 29.5403 36.1438 29.7898C37.4595 30.5381 38.1996 32.2011 37.9529 33.5315C37.624 35.2776 36.4727 36.5249 34.8281 36.7743C33.9235 36.9406 33.1012 36.7743 32.3611 36.3586C32.0322 36.1091 31.7855 36.1923 31.3743 36.3586C29.0718 37.3564 26.9338 37.1901 24.7958 35.8597C24.4668 35.6934 24.2201 35.6102 23.8912 35.7765C20.9308 36.7743 17.8882 35.0282 17.1482 32.1179C16.3258 28.7088 19.0395 25.3828 22.4933 25.5491Z" fill="#2683FF"></path>
        <path d="M48 43C48 42.4286 48.4286 42 49 42C49.5714 42 50 42.4286 50 43C50 43.5 49.5 44 49 44C48.4286 44 48 43.5714 48 43Z" fill="#2683FF"></path>
        <path d="M26 5C26 4.42857 26.4444 4 27.037 4C27.5556 4 28 4.42857 28 5C28 5.5 27.5556 6 26.963 6C26.4444 5.92857 26 5.5 26 5Z" fill="#2683FF"></path>
        <path d="M6 43C6 43.5714 5.57143 44 5 44C4.5 44 4 43.5 4 43C4 42.5 4.5 42 5 42C5.57143 42 6 42.4286 6 43Z" fill="#2683FF"></path>
        <path d="M27 54C27.5714 54 28 54.6667 28 55.5556C28 56.4444 27.5714 57 27 57C26.4286 57 26 56.3333 26 55.4444C26 54.6667 26.4286 54 27 54Z" fill="#2683FF"></path>
        <path d="M5 19C4.42857 19 4 18.3333 4 17.5556C4 16.7778 4.42857 16 5 16C5.57143 16 6 16.5556 6 17.4444C5.92857 18.3333 5.57143 19 5 19Z" fill="#2683FF"></path>
        <path d="M48.9327 19C48.3635 19 47.9366 18.3333 48.0078 17.4444C48.0078 16.5556 48.4347 16 49.0039 16C49.5731 16 50 16.6667 50 17.5556C49.9288 18.3333 49.4308 19 48.9327 19Z" fill="#2683FF"></path>
      </svg>
      <div class="payments-bonus-container__text-container">
        <p class="payments-bonus-container__text-container__main-text">
          Get free credits for paying in STORJ Token
        </p>
        <p class="payments-bonus-container__text-container__additional-text">
          Deposit STORJ Token to your account and receive a 10% bonus, or $10 for every $100.
        </p>
      </div>
    </div>
    <!---->
    <!---->
    <div class="add-card-button">
      <!---->
      <!----> <span>Add Card</span></div>
  </div>
  <!---->
  <div class="payment-methods-area__existing-cards-container">
    <div class="payment-methods-container__card-container">
      <div class="payment-methods-container__card-container__info-area">
        <div class="payment-methods-container__card-container__info-area__card-logo"><svg width="70" height="46" viewBox="0 0 70 46" fill="none" xmlns="http://www.w3.org/2000/svg">
            <path d="M64.3202 45.7708L5.75658 46C2.60965 46 0.0767544 43.4784 0.0767544 40.4219L0 5.88372C0 2.75083 2.53289 0.229236 5.60307 0.229236L64.1667 0C67.3136 0 69.8465 2.52159 69.8465 5.57807L70 40.1927C69.9232 43.2492 67.4671 45.7708 64.3202 45.7708Z" fill="#949DAA"></path>
            <path d="M6 24C6 22.8954 6.89543 22 8 22H62C63.1046 22 64 22.8954 64 24V24C64 25.1046 63.1046 26 62 26H8C6.89543 26 6 25.1046 6 24V24Z" fill="#F5F9FF"></path>
            <path d="M62 34.5C62 34.2239 62.2239 34 62.5 34H63.5C63.7761 34 64 34.2239 64 34.5V37.5C64 37.7761 63.7761 38 63.5 38H62.5C62.2239 38 62 37.7761 62 37.5V34.5Z" fill="#F5F9FF"></path>
            <path d="M59 34.5C59 34.2239 59.2239 34 59.5 34H60.5C60.7761 34 61 34.2239 61 34.5V37.5C61 37.7761 60.7761 38 60.5 38H59.5C59.2239 38 59 37.7761 59 37.5V34.5Z" fill="#F5F9FF"></path>
            <path d="M56 34.5C56 34.2239 56.2239 34 56.5 34H57.5C57.7761 34 58 34.2239 58 34.5V37.5C58 37.7761 57.7761 38 57.5 38H56.5C56.2239 38 56 37.7761 56 37.5V34.5Z" fill="#F5F9FF"></path>
            <path d="M53 34.5C53 34.2239 53.2239 34 53.5 34H54.5C54.7761 34 55 34.2239 55 34.5V37.5C55 37.7761 54.7761 38 54.5 38H53.5C53.2239 38 53 37.7761 53 37.5V34.5Z" fill="#F5F9FF"></path>
            <rect x="6" y="8" width="12" height="7" rx="1" fill="#F5F9FF"></rect>
          </svg></div>
        <div class="payment-methods-container__card-container__info-area__info-container"><img src="@/../static/images/payments/cardStars.png" alt="Hidden card digits stars image">
          <h1 class="bold">0000</h1>
        </div>
        <div class="payment-methods-container__card-container__info-area__expire-container">
          <h2 class="medium">Expires</h2>
          <h1 class="bold">12/2100</h1>
        </div>
      </div>
      <div class="payment-methods-container__card-container__button-area">
        <div class="payment-methods-container__card-container__default-button">
          <p class="payment-methods-container__card-container__default-button__label">Default</p>
        </div>
      </div>
    </div>
  </div>
  <!---->
</div>
`;

exports[`PaymentMethods renders correctly without card 1`] = `
<div class="payment-methods-area">
  <div class="payment-methods-area__functional-area">
    <div class="payment-methods-area__functional-area__top-container">
      <h1 class="payment-methods-area__functional-area__title">Payment Method</h1>
      <div class="payment-methods-area__functional-area__button-area">
        <div class="payment-methods-area__functional-area__button-area__default-buttons">
          <div class="add-storj-button container blue-white" style="width: 123px; height: 48px;"><span class="label">Add STORJ</span></div>
        </div>
      </div>
    </div>
    <div class="payments-bonus-container payment-methods-area__functional-area__bonus"><svg width="64" height="50" viewBox="0 0 61 47" fill="none" xmlns="http://www.w3.org/2000/svg" class="banner-gift-svg">
        <path fill-rule="evenodd" clip-rule="evenodd" d="M36.8378 12.7027C36.8378 19.0167 41.9563 24.1351 48.2703 24.1351V41.9189C48.2703 44.0236 46.5641 45.7297 44.4594 45.7297H5.08107C2.97642 45.7297 1.27026 44.0236 1.27026 41.9189V16.5135C1.27026 14.4089 2.97642 12.7027 5.08107 12.7027H36.8378Z" stroke="#2683FF" stroke-width="2"></path>
        <path fill-rule="evenodd" clip-rule="evenodd" d="M48.2703 24.1352V27.946H1.27026V20.3243L39.7496 20.3251C41.8429 22.6636 44.8847 24.1352 48.2703 24.1352Z" fill="#2683FF"></path>
        <path d="M48.2703 24.1351C54.5842 24.1351 59.7027 19.0167 59.7027 12.7027C59.7027 6.38875 54.5842 1.27028 48.2703 1.27028C41.9563 1.27028 36.8378 6.38875 36.8378 12.7027C36.8378 19.0167 41.9563 24.1351 48.2703 24.1351Z" stroke="#2683FF" stroke-width="2"></path>
        <path d="M48.2703 5.71622V19.5737M41.3415 12.645H55.199H41.3415Z" stroke="#2683FF" stroke-width="2" stroke-linecap="round" stroke-linejoin="round"></path>
      </svg>
      <div class="payments-bonus-container__text-container">
        <p class="payments-bonus-container__text-container__main-text">
          Add a Payment Method to Get Started
        </p>
        <p class="payments-bonus-container__text-container__additional-text">
          Your first 5GB are free. You will not be charged until you use more than 5GB.
        </p>
      </div>
    </div>
    <!---->
    <!---->
    <div class="add-card-button">
      <!---->
      <!----> <span>Add Card</span></div>
  </div>
  <!---->
  <!---->
  <!---->
</div>
`;
